// Jest Snapshot v1, https://goo.gl/fbAQLP

exports[`atoms/InputForm Snap Shot 1`] = `
<DocumentFragment>
  <div>
    <label
      for="id"
    >
      label
    </label>
    <input
      id="id"
      type="text"
      value=""
    />
  </div>
</DocumentFragment>
`;
