// Vitest Snapshot v1, https://vitest.dev/guide/snapshot.html

exports[`CartPriceInfo > 1,1000円で送料無料 1`] = `
<DocumentFragment>
  <div>
    <h2>
      金額情報
    </h2>
    <h3>
      送料
    </h3>
    <p>
      無料
    </p>
    <h3>
      合計金額
    </h3>
    <p>
      11,000円
    </p>
  </div>
</DocumentFragment>
`;

exports[`CartPriceInfo 1,1000円で送料無料 1`] = `
<DocumentFragment>
  <div>
    <h2>
      金額情報
    </h2>
    <h3>
      送料
    </h3>
    <p>
      無料
    </p>
    <h3>
      合計金額
    </h3>
    <p>
      11,000円
    </p>
  </div>
</DocumentFragment>
`;
